..F.                                                                     [100%]
=================================== FAILURES ===================================
___________ test_staging_fault_is_rejected_before_publish[hardlink] ____________

tmp_path = PosixPath('<TEMP>/pytest-of-<LOCAL_USER>/pytest-19/test_staging_fault_is_rejected2')
fault = 'hardlink'

    @pytest.mark.parametrize('fault', ['extra_file', 'symlink', 'hardlink', 'directory'])
    def test_staging_fault_is_rejected_before_publish(tmp_path, fault):
        with pytest.raises(RuntimeError):
            run(ROWS, tmp_path, fail_after=1)
        stage = next((tmp_path / 'staging').iterdir())
        outside = tmp_path / 'outside.txt'
        outside.write_text('must remain unchanged')
        if fault == 'extra_file':
            (stage / 'unexpected.txt').write_text('unexpected')
        elif fault == 'symlink':
            (stage / 'documents.jsonl').symlink_to(outside)
        elif fault == 'hardlink':
            (stage / 'documents.jsonl').hardlink_to(outside)
        else:
            (stage / 'documents.jsonl').mkdir()
>       with pytest.raises(ValueError, match='Staging'):
             ^^^^^^^^^^^^^^^^^^^^^^^^^^^^^^^^^^^^^^^^^^
E       Failed: DID NOT RAISE <class 'ValueError'>

tests/test_staging_publish.py:23: Failed
=========================== short test summary info ============================
FAILED tests/test_staging_publish.py::test_staging_fault_is_rejected_before_publish[hardlink]
1 failed, 3 passed in 0.73s
